// Jest Snapshot v1, https://goo.gl/fbAQLP

exports[`<SearchResultsPage /> should render with Header 1`] = `
<div>
  <WithStyles(Header) />
  <ProductList />
</div>
`;

exports[`<SearchResultsPage /> should render with ProductList 1`] = `
<div>
  <WithStyles(Header) />
  <ProductList />
</div>
`;

exports[`<SearchResultsPage /> should render with no errors 1`] = `
<div>
  <WithStyles(Header) />
  <ProductList />
</div>
`;
