// Jest Snapshot v1, https://goo.gl/fbAQLP

exports[`<ProductList /> should render with no errors 1`] = `undefined`;
